Archive member included because of file (symbol)

c:/winavr-20100110/bin/../lib/gcc/avr/4.3.3/avr4\libgcc.a(_exit.o)
                              c:/winavr-20100110/bin/../lib/gcc/avr/4.3.3/../../../../avr/lib/avr4/crtm8.o (exit)
c:/winavr-20100110/bin/../lib/gcc/avr/4.3.3/avr4\libgcc.a(_copy_data.o)
                              obj\Debug\cRF24.o (__do_copy_data)
c:/winavr-20100110/bin/../lib/gcc/avr/4.3.3/avr4\libgcc.a(_clear_bss.o)
                              obj\Debug\cRF24.o (__do_clear_bss)

Allocating common symbols
Common symbol       size              file

rfLength            0x1               obj\Debug\cRF24.o
rfBuffer            0x20              obj\Debug\cRF24.o

Memory Configuration

Name             Origin             Length             Attributes
text             0x00000000         0x00002000         xr
data             0x00800060         0x0000ffa0         rw !x
eeprom           0x00810000         0x00010000         rw !x
fuse             0x00820000         0x00000400         rw !x
lock             0x00830000         0x00000400         rw !x
signature        0x00840000         0x00000400         rw !x
*default*        0x00000000         0xffffffff

Linker script and memory map

LOAD c:/winavr-20100110/bin/../lib/gcc/avr/4.3.3/../../../../avr/lib/avr4/crtm8.o
LOAD obj\Debug\cRF24.o
LOAD obj\Debug\main.o
LOAD obj\Debug\spi.o
LOAD c:/winavr-20100110/bin/../lib/gcc/avr/4.3.3/avr4\libgcc.a
LOAD C:\WinAVR-20100110\avr\lib\libm.a
LOAD c:/winavr-20100110/bin/../lib/gcc/avr/4.3.3/avr4\libgcc.a
LOAD C:\WinAVR-20100110\avr\lib\libc.a
LOAD c:/winavr-20100110/bin/../lib/gcc/avr/4.3.3/avr4\libgcc.a

.hash
 *(.hash)

.dynsym
 *(.dynsym)

.dynstr
 *(.dynstr)

.gnu.version
 *(.gnu.version)

.gnu.version_d
 *(.gnu.version_d)

.gnu.version_r
 *(.gnu.version_r)

.rel.init
 *(.rel.init)

.rela.init
 *(.rela.init)

.rel.text
 *(.rel.text)
 *(.rel.text.*)
 *(.rel.gnu.linkonce.t*)

.rela.text
 *(.rela.text)
 *(.rela.text.*)
 *(.rela.gnu.linkonce.t*)

.rel.fini
 *(.rel.fini)

.rela.fini
 *(.rela.fini)

.rel.rodata
 *(.rel.rodata)
 *(.rel.rodata.*)
 *(.rel.gnu.linkonce.r*)

.rela.rodata
 *(.rela.rodata)
 *(.rela.rodata.*)
 *(.rela.gnu.linkonce.r*)

.rel.data
 *(.rel.data)
 *(.rel.data.*)
 *(.rel.gnu.linkonce.d*)

.rela.data
 *(.rela.data)
 *(.rela.data.*)
 *(.rela.gnu.linkonce.d*)

.rel.ctors
 *(.rel.ctors)

.rela.ctors
 *(.rela.ctors)

.rel.dtors
 *(.rel.dtors)

.rela.dtors
 *(.rela.dtors)

.rel.got
 *(.rel.got)

.rela.got
 *(.rela.got)

.rel.bss
 *(.rel.bss)

.rela.bss
 *(.rela.bss)

.rel.plt
 *(.rel.plt)

.rela.plt
 *(.rela.plt)

.text           0x00000000      0x746
 *(.vectors)
 .vectors       0x00000000       0x26 c:/winavr-20100110/bin/../lib/gcc/avr/4.3.3/../../../../avr/lib/avr4/crtm8.o
                0x00000000                __vectors
                0x00000000                __vector_default
 *(.vectors)
 *(.progmem.gcc*)
 *(.progmem*)
                0x00000026                . = ALIGN (0x2)
                0x00000026                __trampolines_start = .
 *(.trampolines)
 .trampolines   0x00000026        0x0 linker stubs
 *(.trampolines*)
                0x00000026                __trampolines_end = .
 *(.jumptables)
 *(.jumptables*)
 *(.lowtext)
 *(.lowtext*)
                0x00000026                __ctors_start = .
 *(.ctors)
                0x00000026                __ctors_end = .
                0x00000026                __dtors_start = .
 *(.dtors)
                0x00000026                __dtors_end = .
 SORT(*)(.ctors)
 SORT(*)(.dtors)
 *(.init0)
 .init0         0x00000026        0x0 c:/winavr-20100110/bin/../lib/gcc/avr/4.3.3/../../../../avr/lib/avr4/crtm8.o
                0x00000026                __init
 *(.init0)
 *(.init1)
 *(.init1)
 *(.init2)
 .init2         0x00000026        0xc c:/winavr-20100110/bin/../lib/gcc/avr/4.3.3/../../../../avr/lib/avr4/crtm8.o
 *(.init2)
 *(.init3)
 *(.init3)
 *(.init4)
 .init4         0x00000032       0x16 c:/winavr-20100110/bin/../lib/gcc/avr/4.3.3/avr4\libgcc.a(_copy_data.o)
                0x00000032                __do_copy_data
 .init4         0x00000048       0x10 c:/winavr-20100110/bin/../lib/gcc/avr/4.3.3/avr4\libgcc.a(_clear_bss.o)
                0x00000048                __do_clear_bss
 *(.init4)
 *(.init5)
 *(.init5)
 *(.init6)
 *(.init6)
 *(.init7)
 *(.init7)
 *(.init8)
 *(.init8)
 *(.init9)
 .init9         0x00000058        0x4 c:/winavr-20100110/bin/../lib/gcc/avr/4.3.3/../../../../avr/lib/avr4/crtm8.o
 *(.init9)
 *(.text)
 .text          0x0000005c        0x2 c:/winavr-20100110/bin/../lib/gcc/avr/4.3.3/../../../../avr/lib/avr4/crtm8.o
                0x0000005c                __vector_12
                0x0000005c                __bad_interrupt
                0x0000005c                __vector_6
                0x0000005c                __vector_3
                0x0000005c                __vector_11
                0x0000005c                __vector_13
                0x0000005c                __vector_17
                0x0000005c                __vector_7
                0x0000005c                __vector_5
                0x0000005c                __vector_4
                0x0000005c                __vector_9
                0x0000005c                __vector_2
                0x0000005c                __vector_15
                0x0000005c                __vector_8
                0x0000005c                __vector_14
                0x0000005c                __vector_10
                0x0000005c                __vector_16
                0x0000005c                __vector_18
 .text          0x0000005e      0x664 obj\Debug\cRF24.o
                0x0000062e                rfToStandbyOne
                0x00000490                rfSetAutoAckForPipe
                0x00000190                __vector_1
                0x00000382                rfDisablePipeForRx
                0x000002e6                rfSetDynamicPayloadForPipe
                0x0000028a                rfClearDynamicPayloadForPipe
                0x00000662                rfTransmit
                0x0000013a                rfWriteRegChar
                0x00000348                rfTransmitCarrier
                0x00000356                rfSetRetryDelay
                0x00000156                rfWriteRegBuff
                0x0000006e                rfStatus
                0x00000694                rfReadRegBuff
                0x00000244                rfEnableGlobalDynamicAckPayload
                0x000005c2                rfSetDataRate
                0x0000060a                rfSetChannel
                0x00000436                rfClearAutoAckForPipe
                0x0000027c                rfEnableGlobalDynamicPayload
                0x0000022e                rfTxFifoStatus
                0x00000236                rfDisableGlobalDynamicAckPayload
                0x000004ea                rfSetToReceiveMode
                0x00000184                rfReadRegChar
                0x000005f4                rfSetTransmitPower
                0x0000009c                rfReadPayload
                0x0000061e                rfToPowerDown
                0x0000026e                rfDisableGlobalDynamicPayload
                0x0000036e                rfSetRetryAttempts
                0x00000260                rfEnableGlobalAckPayload
                0x000005ae                rfSetAddressWidth
                0x0000008c                rfStopListening
                0x000005a0                rfEnableCRC
                0x00000592                rfDisableCRC
                0x00000580                rfSetCrcScheme
                0x000000de                rfWriteAckPayload
                0x0000051c                rfClearInterruptMask
                0x00000082                rfFlushRx
                0x00000252                rfDisableGlobalAckPayload
                0x00000342                rfReadChannelPower
                0x000003dc                rfEnablePipeForRx
                0x00000066                rfTransmited
                0x0000005e                rfReceived
                0x00000650                rfStartListening
                0x00000226                rfRxFifoStatus
                0x0000054e                rfSetInterruptMask
                0x00000078                rfFlushTx
                0x00000504                rfSetToTransmitMode
                0x0000010c                rfWritePayload
 .text          0x000006c2       0x3a obj\Debug\main.o
                0x000006c4                processData
                0x000006da                init
                0x000006f8                main
                0x000006c6                appTransmit
                0x000006c2                app
 .text          0x000006fc       0x46 obj\Debug\spi.o
                0x0000071e                spiGetBuffer
                0x00000708                spiSendBuffer
                0x000006fc                spiInit
                0x00000738                spiSendData
 .text          0x00000742        0x0 c:/winavr-20100110/bin/../lib/gcc/avr/4.3.3/avr4\libgcc.a(_exit.o)
 .text          0x00000742        0x0 c:/winavr-20100110/bin/../lib/gcc/avr/4.3.3/avr4\libgcc.a(_copy_data.o)
 .text          0x00000742        0x0 c:/winavr-20100110/bin/../lib/gcc/avr/4.3.3/avr4\libgcc.a(_clear_bss.o)
                0x00000742                . = ALIGN (0x2)
 *(.text.*)
 .text.libgcc   0x00000742        0x0 c:/winavr-20100110/bin/../lib/gcc/avr/4.3.3/avr4\libgcc.a(_exit.o)
 .text.libgcc   0x00000742        0x0 c:/winavr-20100110/bin/../lib/gcc/avr/4.3.3/avr4\libgcc.a(_copy_data.o)
 .text.libgcc   0x00000742        0x0 c:/winavr-20100110/bin/../lib/gcc/avr/4.3.3/avr4\libgcc.a(_clear_bss.o)
                0x00000742                . = ALIGN (0x2)
 *(.fini9)
 .fini9         0x00000742        0x0 c:/winavr-20100110/bin/../lib/gcc/avr/4.3.3/avr4\libgcc.a(_exit.o)
                0x00000742                exit
                0x00000742                _exit
 *(.fini9)
 *(.fini8)
 *(.fini8)
 *(.fini7)
 *(.fini7)
 *(.fini6)
 *(.fini6)
 *(.fini5)
 *(.fini5)
 *(.fini4)
 *(.fini4)
 *(.fini3)
 *(.fini3)
 *(.fini2)
 *(.fini2)
 *(.fini1)
 *(.fini1)
 *(.fini0)
 .fini0         0x00000742        0x4 c:/winavr-20100110/bin/../lib/gcc/avr/4.3.3/avr4\libgcc.a(_exit.o)
 *(.fini0)
                0x00000746                _etext = .

.data           0x00800060        0x2 load address 0x00000746
                0x00800060                PROVIDE (__data_start, .)
 *(.data)
 .data          0x00800060        0x0 c:/winavr-20100110/bin/../lib/gcc/avr/4.3.3/../../../../avr/lib/avr4/crtm8.o
 .data          0x00800060        0x2 obj\Debug\cRF24.o
                0x00800060                rfPtrBuffer
 .data          0x00800062        0x0 obj\Debug\main.o
 .data          0x00800062        0x0 obj\Debug\spi.o
 .data          0x00800062        0x0 c:/winavr-20100110/bin/../lib/gcc/avr/4.3.3/avr4\libgcc.a(_exit.o)
 .data          0x00800062        0x0 c:/winavr-20100110/bin/../lib/gcc/avr/4.3.3/avr4\libgcc.a(_copy_data.o)
 .data          0x00800062        0x0 c:/winavr-20100110/bin/../lib/gcc/avr/4.3.3/avr4\libgcc.a(_clear_bss.o)
 *(.data*)
 *(.rodata)
 *(.rodata*)
 *(.gnu.linkonce.d*)
                0x00800062                . = ALIGN (0x2)
                0x00800062                _edata = .
                0x00800062                PROVIDE (__data_end, .)

.bss            0x00800062       0x25
                0x00800062                PROVIDE (__bss_start, .)
 *(.bss)
 .bss           0x00800062        0x0 c:/winavr-20100110/bin/../lib/gcc/avr/4.3.3/../../../../avr/lib/avr4/crtm8.o
 .bss           0x00800062        0x4 obj\Debug\cRF24.o
                0x00800063                transmittedFlag
                0x00800062                receivedFlag
                0x00800064                rfState
 .bss           0x00800066        0x0 obj\Debug\main.o
 .bss           0x00800066        0x0 obj\Debug\spi.o
 .bss           0x00800066        0x0 c:/winavr-20100110/bin/../lib/gcc/avr/4.3.3/avr4\libgcc.a(_exit.o)
 .bss           0x00800066        0x0 c:/winavr-20100110/bin/../lib/gcc/avr/4.3.3/avr4\libgcc.a(_copy_data.o)
 .bss           0x00800066        0x0 c:/winavr-20100110/bin/../lib/gcc/avr/4.3.3/avr4\libgcc.a(_clear_bss.o)
 *(.bss*)
 *(COMMON)
 COMMON         0x00800066       0x21 obj\Debug\cRF24.o
                0x00800066                rfLength
                0x00800067                rfBuffer
                0x00800087                PROVIDE (__bss_end, .)
                0x00000746                __data_load_start = LOADADDR (.data)
                0x00000748                __data_load_end = (__data_load_start + SIZEOF (.data))

.noinit         0x00800087        0x0
                0x00800087                PROVIDE (__noinit_start, .)
 *(.noinit*)
                0x00800087                PROVIDE (__noinit_end, .)
                0x00800087                _end = .
                0x00800087                PROVIDE (__heap_start, .)

.eeprom         0x00810000        0x0
 *(.eeprom*)
                0x00810000                __eeprom_end = .

.fuse
 *(.fuse)
 *(.lfuse)
 *(.hfuse)
 *(.efuse)

.lock
 *(.lock*)

.signature
 *(.signature*)

.stab
 *(.stab)

.stabstr
 *(.stabstr)

.stab.excl
 *(.stab.excl)

.stab.exclstr
 *(.stab.exclstr)

.stab.index
 *(.stab.index)

.stab.indexstr
 *(.stab.indexstr)

.comment
 *(.comment)

.debug
 *(.debug)

.line
 *(.line)

.debug_srcinfo
 *(.debug_srcinfo)

.debug_sfnames
 *(.debug_sfnames)

.debug_aranges  0x00000000       0x60
 *(.debug_aranges)
 .debug_aranges
                0x00000000       0x20 obj\Debug\cRF24.o
 .debug_aranges
                0x00000020       0x20 obj\Debug\main.o
 .debug_aranges
                0x00000040       0x20 obj\Debug\spi.o

.debug_pubnames
                0x00000000      0x50b
 *(.debug_pubnames)
 .debug_pubnames
                0x00000000      0x46e obj\Debug\cRF24.o
 .debug_pubnames
                0x0000046e       0x4c obj\Debug\main.o
 .debug_pubnames
                0x000004ba       0x51 obj\Debug\spi.o

.debug_info     0x00000000      0xd40
 *(.debug_info)
 .debug_info    0x00000000      0xa8a obj\Debug\cRF24.o
 .debug_info    0x00000a8a      0x192 obj\Debug\main.o
 .debug_info    0x00000c1c      0x124 obj\Debug\spi.o
 *(.gnu.linkonce.wi.*)

.debug_abbrev   0x00000000      0x41b
 *(.debug_abbrev)
 .debug_abbrev  0x00000000      0x24d obj\Debug\cRF24.o
 .debug_abbrev  0x0000024d      0x11e obj\Debug\main.o
 .debug_abbrev  0x0000036b       0xb0 obj\Debug\spi.o

.debug_line     0x00000000      0xc2c
 *(.debug_line)
 .debug_line    0x00000000      0x9bc obj\Debug\cRF24.o
 .debug_line    0x000009bc      0x143 obj\Debug\main.o
 .debug_line    0x00000aff      0x12d obj\Debug\spi.o

.debug_frame    0x00000000      0x3b0
 *(.debug_frame)
 .debug_frame   0x00000000      0x300 obj\Debug\cRF24.o
 .debug_frame   0x00000300       0x60 obj\Debug\main.o
 .debug_frame   0x00000360       0x50 obj\Debug\spi.o

.debug_str      0x00000000      0x5cf
 *(.debug_str)
 .debug_str     0x00000000      0x528 obj\Debug\cRF24.o
                                0x55c (size before relaxing)
 .debug_str     0x00000528       0x68 obj\Debug\main.o
                                0x166 (size before relaxing)
 .debug_str     0x00000590       0x3f obj\Debug\spi.o
                                 0xdc (size before relaxing)

.debug_loc      0x00000000      0x657
 *(.debug_loc)
 .debug_loc     0x00000000      0x5b6 obj\Debug\cRF24.o
 .debug_loc     0x000005b6       0x2b obj\Debug\main.o
 .debug_loc     0x000005e1       0x76 obj\Debug\spi.o

.debug_macinfo
 *(.debug_macinfo)
OUTPUT(bin\Debug\rf.elf elf32-avr)
LOAD linker stubs

Cross Reference Table

Symbol                                            File
__bad_interrupt                                   c:/winavr-20100110/bin/../lib/gcc/avr/4.3.3/../../../../avr/lib/avr4/crtm8.o
__bss_end                                         c:/winavr-20100110/bin/../lib/gcc/avr/4.3.3/avr4\libgcc.a(_clear_bss.o)
__bss_start                                       c:/winavr-20100110/bin/../lib/gcc/avr/4.3.3/avr4\libgcc.a(_clear_bss.o)
__data_end                                        c:/winavr-20100110/bin/../lib/gcc/avr/4.3.3/avr4\libgcc.a(_copy_data.o)
__data_load_start                                 c:/winavr-20100110/bin/../lib/gcc/avr/4.3.3/avr4\libgcc.a(_copy_data.o)
__data_start                                      c:/winavr-20100110/bin/../lib/gcc/avr/4.3.3/avr4\libgcc.a(_copy_data.o)
__do_clear_bss                                    c:/winavr-20100110/bin/../lib/gcc/avr/4.3.3/avr4\libgcc.a(_clear_bss.o)
                                                  obj\Debug\cRF24.o
__do_copy_data                                    c:/winavr-20100110/bin/../lib/gcc/avr/4.3.3/avr4\libgcc.a(_copy_data.o)
                                                  obj\Debug\cRF24.o
__heap_end                                        c:/winavr-20100110/bin/../lib/gcc/avr/4.3.3/../../../../avr/lib/avr4/crtm8.o
__init                                            c:/winavr-20100110/bin/../lib/gcc/avr/4.3.3/../../../../avr/lib/avr4/crtm8.o
__stack                                           c:/winavr-20100110/bin/../lib/gcc/avr/4.3.3/../../../../avr/lib/avr4/crtm8.o
__vector_1                                        obj\Debug\cRF24.o
                                                  c:/winavr-20100110/bin/../lib/gcc/avr/4.3.3/../../../../avr/lib/avr4/crtm8.o
__vector_10                                       c:/winavr-20100110/bin/../lib/gcc/avr/4.3.3/../../../../avr/lib/avr4/crtm8.o
__vector_11                                       c:/winavr-20100110/bin/../lib/gcc/avr/4.3.3/../../../../avr/lib/avr4/crtm8.o
__vector_12                                       c:/winavr-20100110/bin/../lib/gcc/avr/4.3.3/../../../../avr/lib/avr4/crtm8.o
__vector_13                                       c:/winavr-20100110/bin/../lib/gcc/avr/4.3.3/../../../../avr/lib/avr4/crtm8.o
__vector_14                                       c:/winavr-20100110/bin/../lib/gcc/avr/4.3.3/../../../../avr/lib/avr4/crtm8.o
__vector_15                                       c:/winavr-20100110/bin/../lib/gcc/avr/4.3.3/../../../../avr/lib/avr4/crtm8.o
__vector_16                                       c:/winavr-20100110/bin/../lib/gcc/avr/4.3.3/../../../../avr/lib/avr4/crtm8.o
__vector_17                                       c:/winavr-20100110/bin/../lib/gcc/avr/4.3.3/../../../../avr/lib/avr4/crtm8.o
__vector_18                                       c:/winavr-20100110/bin/../lib/gcc/avr/4.3.3/../../../../avr/lib/avr4/crtm8.o
__vector_2                                        c:/winavr-20100110/bin/../lib/gcc/avr/4.3.3/../../../../avr/lib/avr4/crtm8.o
__vector_3                                        c:/winavr-20100110/bin/../lib/gcc/avr/4.3.3/../../../../avr/lib/avr4/crtm8.o
__vector_4                                        c:/winavr-20100110/bin/../lib/gcc/avr/4.3.3/../../../../avr/lib/avr4/crtm8.o
__vector_5                                        c:/winavr-20100110/bin/../lib/gcc/avr/4.3.3/../../../../avr/lib/avr4/crtm8.o
__vector_6                                        c:/winavr-20100110/bin/../lib/gcc/avr/4.3.3/../../../../avr/lib/avr4/crtm8.o
__vector_7                                        c:/winavr-20100110/bin/../lib/gcc/avr/4.3.3/../../../../avr/lib/avr4/crtm8.o
__vector_8                                        c:/winavr-20100110/bin/../lib/gcc/avr/4.3.3/../../../../avr/lib/avr4/crtm8.o
__vector_9                                        c:/winavr-20100110/bin/../lib/gcc/avr/4.3.3/../../../../avr/lib/avr4/crtm8.o
__vector_default                                  c:/winavr-20100110/bin/../lib/gcc/avr/4.3.3/../../../../avr/lib/avr4/crtm8.o
__vectors                                         c:/winavr-20100110/bin/../lib/gcc/avr/4.3.3/../../../../avr/lib/avr4/crtm8.o
_exit                                             c:/winavr-20100110/bin/../lib/gcc/avr/4.3.3/avr4\libgcc.a(_exit.o)
app                                               obj\Debug\main.o
appTransmit                                       obj\Debug\main.o
exit                                              c:/winavr-20100110/bin/../lib/gcc/avr/4.3.3/avr4\libgcc.a(_exit.o)
                                                  c:/winavr-20100110/bin/../lib/gcc/avr/4.3.3/../../../../avr/lib/avr4/crtm8.o
init                                              obj\Debug\main.o
main                                              obj\Debug\main.o
                                                  c:/winavr-20100110/bin/../lib/gcc/avr/4.3.3/../../../../avr/lib/avr4/crtm8.o
processData                                       obj\Debug\main.o
receivedFlag                                      obj\Debug\cRF24.o
rfBuffer                                          obj\Debug\cRF24.o
rfClearAutoAckForPipe                             obj\Debug\cRF24.o
rfClearDynamicPayloadForPipe                      obj\Debug\cRF24.o
rfClearInterruptMask                              obj\Debug\cRF24.o
rfDisableCRC                                      obj\Debug\cRF24.o
rfDisableGlobalAckPayload                         obj\Debug\cRF24.o
rfDisableGlobalDynamicAckPayload                  obj\Debug\cRF24.o
rfDisableGlobalDynamicPayload                     obj\Debug\cRF24.o
rfDisablePipeForRx                                obj\Debug\cRF24.o
rfEnableCRC                                       obj\Debug\cRF24.o
rfEnableGlobalAckPayload                          obj\Debug\cRF24.o
rfEnableGlobalDynamicAckPayload                   obj\Debug\cRF24.o
rfEnableGlobalDynamicPayload                      obj\Debug\cRF24.o
                                                  obj\Debug\main.o
rfEnablePipeForRx                                 obj\Debug\cRF24.o
                                                  obj\Debug\main.o
rfFlushRx                                         obj\Debug\cRF24.o
rfFlushTx                                         obj\Debug\cRF24.o
rfLength                                          obj\Debug\cRF24.o
rfPtrBuffer                                       obj\Debug\cRF24.o
rfReadChannelPower                                obj\Debug\cRF24.o
rfReadPayload                                     obj\Debug\cRF24.o
rfReadRegBuff                                     obj\Debug\cRF24.o
rfReadRegChar                                     obj\Debug\cRF24.o
rfReceived                                        obj\Debug\cRF24.o
rfRxFifoStatus                                    obj\Debug\cRF24.o
rfSetAddressWidth                                 obj\Debug\cRF24.o
rfSetAutoAckForPipe                               obj\Debug\cRF24.o
                                                  obj\Debug\main.o
rfSetChannel                                      obj\Debug\cRF24.o
                                                  obj\Debug\main.o
rfSetCrcScheme                                    obj\Debug\cRF24.o
rfSetDataRate                                     obj\Debug\cRF24.o
rfSetDynamicPayloadForPipe                        obj\Debug\cRF24.o
                                                  obj\Debug\main.o
rfSetInterruptMask                                obj\Debug\cRF24.o
                                                  obj\Debug\main.o
rfSetRetryAttempts                                obj\Debug\cRF24.o
rfSetRetryDelay                                   obj\Debug\cRF24.o
rfSetToReceiveMode                                obj\Debug\cRF24.o
rfSetToTransmitMode                               obj\Debug\cRF24.o
rfSetTransmitPower                                obj\Debug\cRF24.o
rfStartListening                                  obj\Debug\cRF24.o
                                                  obj\Debug\main.o
rfState                                           obj\Debug\cRF24.o
                                                  obj\Debug\main.o
rfStatus                                          obj\Debug\cRF24.o
rfStopListening                                   obj\Debug\cRF24.o
rfToPowerDown                                     obj\Debug\cRF24.o
rfToStandbyOne                                    obj\Debug\cRF24.o
                                                  obj\Debug\main.o
rfTransmit                                        obj\Debug\cRF24.o
                                                  obj\Debug\main.o
rfTransmitCarrier                                 obj\Debug\cRF24.o
rfTransmited                                      obj\Debug\cRF24.o
rfTxFifoStatus                                    obj\Debug\cRF24.o
rfWriteAckPayload                                 obj\Debug\cRF24.o
rfWritePayload                                    obj\Debug\cRF24.o
rfWriteRegBuff                                    obj\Debug\cRF24.o
rfWriteRegChar                                    obj\Debug\cRF24.o
spiGetBuffer                                      obj\Debug\spi.o
spiInit                                           obj\Debug\spi.o
spiSendBuffer                                     obj\Debug\spi.o
spiSendData                                       obj\Debug\spi.o
                                                  obj\Debug\cRF24.o
transmittedFlag                                   obj\Debug\cRF24.o
